


ARM Macro Assembler    Page 1 


    1 00000000         ; gpio.s
    2 00000000         ; Desenvolvido para a placa EK-TM4C1294XL
    3 00000000         ; Template by Prof. Guilherme Peron - 24/08/2020
    4 00000000         
    5 00000000         ; ------------------------------------------------------
                       -------------------------
    6 00000000                 THUMB                        ; Instruções do tip
                                                            o Thumb-2
    7 00000000         ; ------------------------------------------------------
                       -------------------------
    8 00000000         ; Declarações EQU - Defines
    9 00000000         ; ========================
   10 00000000 00000000 
                       GET_PASSWORD
                               EQU              0
   11 00000000 00000001 
                       SET_PASSWORD
                               EQU              1
   12 00000000 00000006 
                       LOCKED  EQU              6
   13 00000000 00000007 
                       LOCKED_MASTER
                               EQU              7
   14 00000000         
   15 00000000         ; ========================
   16 00000000         ; Definições dos Registradores Gerais
   17 00000000         ; All register values were taken from tm4c1294ncpdt.h - 
                       TM4C1294NCPDT Register Definitions
   18 00000000 400FE608 
                       SYSCTL_RCGCGPIO_R
                               EQU              0x400FE608
   19 00000000 400FEA08 
                       SYSCTL_PRGPIO_R
                               EQU              0x400FEA08
   20 00000000         ; ========================
   21 00000000         ; Definições dos Ports
   22 00000000         
   23 00000000         ; PORT A
   24 00000000 40058520 
                       GPIO_PORTA_AHB_LOCK_R
                               EQU              0x40058520
   25 00000000 40058524 
                       GPIO_PORTA_AHB_CR_R
                               EQU              0x40058524
   26 00000000 40058528 
                       GPIO_PORTA_AHB_AMSEL_R
                               EQU              0x40058528
   27 00000000 4005852C 
                       GPIO_PORTA_AHB_PCTL_R
                               EQU              0x4005852C
   28 00000000 40058400 
                       GPIO_PORTA_AHB_DIR_R
                               EQU              0x40058400
   29 00000000 40058420 
                       GPIO_PORTA_AHB_AFSEL_R
                               EQU              0x40058420
   30 00000000 4005851C 
                       GPIO_PORTA_AHB_DEN_R
                               EQU              0x4005851C



ARM Macro Assembler    Page 2 


   31 00000000 40058510 
                       GPIO_PORTA_AHB_PUR_R
                               EQU              0x40058510
   32 00000000 400583FC 
                       GPIO_PORTA_AHB_DATA_R
                               EQU              0x400583FC
   33 00000000 40058000 
                       GPIO_PORTA_AHB_DATA_BITS_R
                               EQU              0x40058000
   34 00000000 00000001 
                       GPIO_PORTA
                               EQU              2_000000000000001 
                                                            ; SYSCTL_PPGPIO_P0
   35 00000000         
   36 00000000         ; PORT J
   37 00000000 40060520 
                       GPIO_PORTJ_AHB_LOCK_R
                               EQU              0x40060520
   38 00000000 40060524 
                       GPIO_PORTJ_AHB_CR_R
                               EQU              0x40060524
   39 00000000 40060528 
                       GPIO_PORTJ_AHB_AMSEL_R
                               EQU              0x40060528
   40 00000000 4006052C 
                       GPIO_PORTJ_AHB_PCTL_R
                               EQU              0x4006052C
   41 00000000 40060400 
                       GPIO_PORTJ_AHB_DIR_R
                               EQU              0x40060400
   42 00000000 40060420 
                       GPIO_PORTJ_AHB_AFSEL_R
                               EQU              0x40060420
   43 00000000 4006051C 
                       GPIO_PORTJ_AHB_DEN_R
                               EQU              0x4006051C
   44 00000000 40060510 
                       GPIO_PORTJ_AHB_PUR_R
                               EQU              0x40060510
   45 00000000 400603FC 
                       GPIO_PORTJ_AHB_DATA_R
                               EQU              0x400603FC
   46 00000000 40060000 
                       GPIO_PORTJ_AHB_DATA_BITS_R
                               EQU              0x40060000
   47 00000000 00000100 
                       GPIO_PORTJ
                               EQU              2_000000100000000 
                                                            ; SYSCTL_PPGPIO_P8
   48 00000000         
   49 00000000         ; PORT K
   50 00000000 40061520 
                       GPIO_PORTK_LOCK_R
                               EQU              0x40061520
   51 00000000 40061524 
                       GPIO_PORTK_CR_R
                               EQU              0x40061524
   52 00000000 40061528 
                       GPIO_PORTK_AMSEL_R



ARM Macro Assembler    Page 3 


                               EQU              0x40061528
   53 00000000 4006152C 
                       GPIO_PORTK_PCTL_R
                               EQU              0x4006152C
   54 00000000 40061400 
                       GPIO_PORTK_DIR_R
                               EQU              0x40061400
   55 00000000 40061420 
                       GPIO_PORTK_AFSEL_R
                               EQU              0x40061420
   56 00000000 4006151C 
                       GPIO_PORTK_DEN_R
                               EQU              0x4006151C
   57 00000000 40061510 
                       GPIO_PORTK_PUR_R
                               EQU              0x40061510
   58 00000000 400613FC 
                       GPIO_PORTK_DATA_R
                               EQU              0x400613FC
   59 00000000 40061000 
                       GPIO_PORTK_DATA_BITS_R
                               EQU              0x40061000
   60 00000000 00000200 
                       GPIO_PORTK
                               EQU              2_000001000000000 
                                                            ; SYSCTL_PPGPIO_P9
   61 00000000         
   62 00000000         ; PORT L
   63 00000000 40062520 
                       GPIO_PORTL_LOCK_R
                               EQU              0x40062520
   64 00000000 40062524 
                       GPIO_PORTL_CR_R
                               EQU              0x40062524
   65 00000000 40062528 
                       GPIO_PORTL_AMSEL_R
                               EQU              0x40062528
   66 00000000 4006252C 
                       GPIO_PORTL_PCTL_R
                               EQU              0x4006252C
   67 00000000 40062400 
                       GPIO_PORTL_DIR_R
                               EQU              0x40062400
   68 00000000 40062420 
                       GPIO_PORTL_AFSEL_R
                               EQU              0x40062420
   69 00000000 4006251C 
                       GPIO_PORTL_DEN_R
                               EQU              0x4006251C
   70 00000000 40062510 
                       GPIO_PORTL_PUR_R
                               EQU              0x40062510
   71 00000000 400623FC 
                       GPIO_PORTL_DATA_R
                               EQU              0x400623FC
   72 00000000 00000400 
                       GPIO_PORTL
                               EQU              2_000010000000000 
                                                            ; SYSCTL_PPGPIO_P10



ARM Macro Assembler    Page 4 


                                                            
   73 00000000         
   74 00000000         ; PORT M
   75 00000000 40063520 
                       GPIO_PORTM_LOCK_R
                               EQU              0x40063520
   76 00000000 40063524 
                       GPIO_PORTM_CR_R
                               EQU              0x40063524
   77 00000000 40063528 
                       GPIO_PORTM_AMSEL_R
                               EQU              0x40063528
   78 00000000 4006352C 
                       GPIO_PORTM_PCTL_R
                               EQU              0x4006352C
   79 00000000 40063400 
                       GPIO_PORTM_DIR_R
                               EQU              0x40063400
   80 00000000 40063420 
                       GPIO_PORTM_AFSEL_R
                               EQU              0x40063420
   81 00000000 4006351C 
                       GPIO_PORTM_DEN_R
                               EQU              0x4006351C
   82 00000000 40063510 
                       GPIO_PORTM_PUR_R
                               EQU              0x40063510
   83 00000000 400633FC 
                       GPIO_PORTM_DATA_R
                               EQU              0x400633FC
   84 00000000 00000800 
                       GPIO_PORTM
                               EQU              2_000100000000000 
                                                            ; SYSCTL_PPGPIO_P11
                                                            
   85 00000000         
   86 00000000         ; PORT P
   87 00000000 40065520 
                       GPIO_PORTP_LOCK_R
                               EQU              0x40065520
   88 00000000 40065524 
                       GPIO_PORTP_CR_R
                               EQU              0x40065524
   89 00000000 40065528 
                       GPIO_PORTP_AMSEL_R
                               EQU              0x40065528
   90 00000000 4006552C 
                       GPIO_PORTP_PCTL_R
                               EQU              0x4006552C
   91 00000000 40065400 
                       GPIO_PORTP_DIR_R
                               EQU              0x40065400
   92 00000000 40065420 
                       GPIO_PORTP_AFSEL_R
                               EQU              0x40065420
   93 00000000 4006551C 
                       GPIO_PORTP_DEN_R
                               EQU              0x4006551C
   94 00000000 40065510 



ARM Macro Assembler    Page 5 


                       GPIO_PORTP_PUR_R
                               EQU              0x40065510
   95 00000000 400653FC 
                       GPIO_PORTP_DATA_R
                               EQU              0x400653FC
   96 00000000 40065000 
                       GPIO_PORTP_DATA_BITS_R
                               EQU              0x40065000
   97 00000000 00002000 
                       GPIO_PORTP
                               EQU              2_010000000000000 
                                                            ; SYSCTL_PPGPIO_P13
                                                            
   98 00000000         
   99 00000000         ; PORT Q
  100 00000000 40066520 
                       GPIO_PORTQ_LOCK_R
                               EQU              0x40066520
  101 00000000 40066524 
                       GPIO_PORTQ_CR_R
                               EQU              0x40066524
  102 00000000 40066528 
                       GPIO_PORTQ_AMSEL_R
                               EQU              0x40066528
  103 00000000 4006652C 
                       GPIO_PORTQ_PCTL_R
                               EQU              0x4006652C
  104 00000000 40066400 
                       GPIO_PORTQ_DIR_R
                               EQU              0x40066400
  105 00000000 40066420 
                       GPIO_PORTQ_AFSEL_R
                               EQU              0x40066420
  106 00000000 4006651C 
                       GPIO_PORTQ_DEN_R
                               EQU              0x4006651C
  107 00000000 40066510 
                       GPIO_PORTQ_PUR_R
                               EQU              0x40066510
  108 00000000 400663FC 
                       GPIO_PORTQ_DATA_R
                               EQU              0x400663FC
  109 00000000 40066000 
                       GPIO_PORTQ_DATA_BITS_R
                               EQU              0x40066000
  110 00000000 00004000 
                       GPIO_PORTQ
                               EQU              2_100000000000000 
                                                            ; SYSCTL_PPGPIO_P14
                                                            
  111 00000000         
  112 00000000         ; Interrupções
  113 00000000         
  114 00000000         ; PORT J Interrupção
  115 00000000 40060404 
                       GPIO_PORTJ_IS_R
                               EQU              0x40060404
  116 00000000 40060408 
                       GPIO_PORTJ_IBE_R



ARM Macro Assembler    Page 6 


                               EQU              0x40060408
  117 00000000 4006040C 
                       GPIO_PORTJ_IEV_R
                               EQU              0x4006040C
  118 00000000 40060410 
                       GPIO_PORTJ_IM_R
                               EQU              0x40060410
  119 00000000 4006041C 
                       GPIO_PORTJ_ICR_R
                               EQU              0x4006041C
  120 00000000 E000E430 
                       NVIC_PRI12_R
                               EQU              0xE000E430
  121 00000000 E000E104 
                       NVIC_EN1_R
                               EQU              0xE000E104
  122 00000000 40060414 
                       GPIO_PORTJ_RIS_R
                               EQU              0x40060414
  123 00000000         
  124 00000000         ; ------------------------------------------------------
                       -------------------------
  125 00000000         ; Área de Código - Tudo abaixo da diretiva a seguir será
                        armazenado na memória de 
  126 00000000         ;                  código
  127 00000000                 AREA             |.text|, CODE, READONLY, ALIGN=
2
  128 00000000         
  129 00000000         ; Se alguma função do arquivo for chamada em outro arqui
                       vo 
  130 00000000                 EXPORT           GPIO_Init   ; Permite chamar GP
                                                            IO_Init de outro ar
                                                            quivo
  131 00000000                 EXPORT           PortA_Output ; Permite chamar P
                                                            ortA_Output de outr
                                                            o arquivo
  132 00000000                 EXPORT           PortJ_Input ; Permite chamar Po
                                                            rtJ_Input de outro 
                                                            arquivo
  133 00000000                 EXPORT           PortK_Output ; Permite chamar P
                                                            ortK_Output de outr
                                                            o arquivo
  134 00000000                 EXPORT           PortL_Input ; Permite chamar Po
                                                            rtL_Input de outro 
                                                            arquivo
  135 00000000                 EXPORT           PortM_Output ; Permite chamar P
                                                            ortM_Output de outr
                                                            o arquivo
  136 00000000                 EXPORT           PortP_Output ; Permite chamar P
                                                            ortP_Output de outr
                                                            o arquivo
  137 00000000                 EXPORT           PortQ_Output ; Permite chamar P
                                                            ortQ_Output de outr
                                                            o arquivo
  138 00000000                 EXPORT           GPIOPortJ_Handler ; Permite cha
                                                            mar GPIOPortJ_Handl
                                                            er de outro arquivo
                                                            
  139 00000000         



ARM Macro Assembler    Page 7 


  140 00000000         ; Se chamar alguma função externa
  141 00000000                 IMPORT           zerar_memoria
  142 00000000                 IMPORT           EnableInterrupts ; Chama Enable
                                                            Interrupts do arqui
                                                            vo "startup.s"
  143 00000000         
  144 00000000         ;-------------------------------------------------------
                       -------------------------
  145 00000000         ; Função GPIO_Init
  146 00000000         ; Parâmetro de entrada: Não tem
  147 00000000         ; Parâmetro de saída: Não tem
  148 00000000         GPIO_Init
  149 00000000         ;=====================
  150 00000000         ; 1. Ativar o clock para a porta setando o bit correspon
                       dente no registrador RCGCGPIO,
  151 00000000         ; após isso verificar no PRGPIO se a porta está pronta p
                       ara uso.
  152 00000000         ; enable clock to GPIOF at clock gating register
  153 00000000 4889            LDR              R0, =SYSCTL_RCGCGPIO_R ; Carreg
                                                            a o endereço do reg
                                                            istrador RCGCGPIO
  154 00000002 F04F 0101       MOV              R1, #GPIO_PORTA ; Seta o bit da
                                                             porta A
  155 00000006 F441 7180       ORR              R1, #GPIO_PORTJ ; Seta o bit da
                                                             porta J, fazendo c
                                                            om OR
  156 0000000A F441 7100       ORR              R1, #GPIO_PORTK ; Seta o bit da
                                                             porta K, fazendo c
                                                            om OR
  157 0000000E F441 6180       ORR              R1, #GPIO_PORTL ; Seta o bit da
                                                             porta L, fazendo c
                                                            om OR
  158 00000012 F441 6100       ORR              R1, #GPIO_PORTM ; Seta o bit da
                                                             porta M, fazendo c
                                                            om OR
  159 00000016 F441 5100       ORR              R1, #GPIO_PORTP ; Seta o bit da
                                                             porta P, fazendo c
                                                            om OR
  160 0000001A F441 4180       ORR              R1, #GPIO_PORTQ ; Seta o bit da
                                                             porta Q, fazendo c
                                                            om OR
  161 0000001E 6001            STR              R1, [R0]    ; Move para a memór
                                                            ia os bits das port
                                                            as no endereço do R
                                                            CGCGPIO
  162 00000020         
  163 00000020 4882            LDR              R0, =SYSCTL_PRGPIO_R ; Carrega 
                                                            o endereço do PRGPI
                                                            O para esperar os G
                                                            PIO ficarem prontos
                                                            
  164 00000022 6801    EsperaGPIO
                               LDR              R1, [R0]    ; Lê da memória o c
                                                            onteúdo do endereço
                                                             do registrador
  165 00000024 F04F 0201       MOV              R2, #GPIO_PORTA ; Seta os bits 
                                                            correspondentes às 
                                                            portas para fazer a
                                                             comparação - Seta 



ARM Macro Assembler    Page 8 


                                                            o bit da porta A
  166 00000028 F442 7280       ORR              R2, #GPIO_PORTJ ; Seta o bit da
                                                             porta J, fazendo c
                                                            om OR
  167 0000002C F442 7200       ORR              R2, #GPIO_PORTK ; Seta o bit da
                                                             porta K, fazendo c
                                                            om OR
  168 00000030 F442 6280       ORR              R2, #GPIO_PORTL ; Seta o bit da
                                                             porta L, fazendo c
                                                            om OR
  169 00000034 F442 6200       ORR              R2, #GPIO_PORTM ; Seta o bit da
                                                             porta M, fazendo c
                                                            om OR
  170 00000038 F442 5200       ORR              R2, #GPIO_PORTP ; Seta o bit da
                                                             porta P, fazendo c
                                                            om OR
  171 0000003C F442 4280       ORR              R2, #GPIO_PORTQ ; Seta o bit da
                                                             porta Q, fazendo c
                                                            om OR
  172 00000040 4211            TST              R1, R2      ; Testa o R1 com R2
                                                             fazendo R1 & R2
  173 00000042 D0EE            BEQ              EsperaGPIO  ; Se o flag Z=1, vo
                                                            lta para o laço. Se
                                                            não continua execut
                                                            ando
  174 00000044         
  175 00000044         ; 2. Limpar o AMSEL para desabilitar a analógica
  176 00000044 F04F 0100       MOV              R1, #0x00   ; Colocar 0 no regi
                                                            strador para desabi
                                                            litar a função anal
                                                            ógica
  177 00000048 4879            LDR              R0, =GPIO_PORTA_AHB_AMSEL_R ; C
                                                            arrega o R0 com o e
                                                            ndereço do AMSEL pa
                                                            ra a porta A
  178 0000004A 6001            STR              R1, [R0]    ; Guarda no registr
                                                            ador AMSEL da porta
                                                             A da memória
  179 0000004C         
  180 0000004C 4879            LDR              R0, =GPIO_PORTJ_AHB_AMSEL_R ; C
                                                            arrega o R0 com o e
                                                            ndereço do AMSEL pa
                                                            ra a porta J
  181 0000004E 6001            STR              R1, [R0]    ; Guarda no registr
                                                            ador AMSEL da porta
                                                             J da memória
  182 00000050         
  183 00000050 4879            LDR              R0, =GPIO_PORTK_AMSEL_R ; Carre
                                                            ga o R0 com o ender
                                                            eço do AMSEL para a
                                                             porta K
  184 00000052 6001            STR              R1, [R0]    ; Guarda no registr
                                                            ador AMSEL da porta
                                                             K da memória
  185 00000054         
  186 00000054 4879            LDR              R0, =GPIO_PORTL_AMSEL_R ; Carre
                                                            ga o R0 com o ender
                                                            eço do AMSEL para a
                                                             porta L



ARM Macro Assembler    Page 9 


  187 00000056 6001            STR              R1, [R0]    ; Guarda no registr
                                                            ador AMSEL da porta
                                                             L da memória
  188 00000058         
  189 00000058 4879            LDR              R0, =GPIO_PORTM_AMSEL_R ; Carre
                                                            ga o R0 com o ender
                                                            eço do AMSEL para a
                                                             porta M
  190 0000005A 6001            STR              R1, [R0]    ; Guarda no registr
                                                            ador AMSEL da porta
                                                             M da memória
  191 0000005C         
  192 0000005C 4879            LDR              R0, =GPIO_PORTP_AMSEL_R ; Carre
                                                            ga o R0 com o ender
                                                            eço do AMSEL para a
                                                             porta P
  193 0000005E 6001            STR              R1, [R0]    ; Guarda no registr
                                                            ador AMSEL da porta
                                                             P da memória
  194 00000060         
  195 00000060 4879            LDR              R0, =GPIO_PORTQ_AMSEL_R ; Carre
                                                            ga o R0 com o ender
                                                            eço do AMSEL para a
                                                             porta Q
  196 00000062 6001            STR              R1, [R0]    ; Guarda no registr
                                                            ador AMSEL da porta
                                                             Q da memória
  197 00000064         
  198 00000064         ; 3. Limpar PCTL para selecionar o GPIO
  199 00000064 F04F 0100       MOV              R1, #0x00   ; Colocar 0 no regi
                                                            strador para seleci
                                                            onar o modo GPIO
  200 00000068 4878            LDR              R0, =GPIO_PORTA_AHB_PCTL_R ; Ca
                                                            rrega o R0 com o en
                                                            dereço do PCTL para
                                                             a porta A
  201 0000006A 6001            STR              R1, [R0]    ; Guarda no registr
                                                            ador PCTL da porta 
                                                            A da memória
  202 0000006C         
  203 0000006C 4878            LDR              R0, =GPIO_PORTJ_AHB_PCTL_R ; Ca
                                                            rrega o R0 com o en
                                                            dereço do PCTL para
                                                             a porta J
  204 0000006E 6001            STR              R1, [R0]    ; Guarda no registr
                                                            ador PCTL da porta 
                                                            J da memória
  205 00000070         
  206 00000070 4878            LDR              R0, =GPIO_PORTK_PCTL_R ; Carreg
                                                            a o R0 com o endere
                                                            ço do PCTL para a p
                                                            orta K
  207 00000072 6001            STR              R1, [R0]    ; Guarda no registr
                                                            ador PCTL da porta 
                                                            K da memória
  208 00000074         
  209 00000074 4878            LDR              R0, =GPIO_PORTL_PCTL_R ; Carreg
                                                            a o R0 com o endere
                                                            ço do PCTL para a p



ARM Macro Assembler    Page 10 


                                                            orta L
  210 00000076 6001            STR              R1, [R0]    ; Guarda no registr
                                                            ador PCTL da porta 
                                                            L da memória
  211 00000078         
  212 00000078 4878            LDR              R0, =GPIO_PORTM_PCTL_R ; Carreg
                                                            a o R0 com o endere
                                                            ço do PCTL para a p
                                                            orta M
  213 0000007A 6001            STR              R1, [R0]    ; Guarda no registr
                                                            ador PCTL da porta 
                                                            M da memória
  214 0000007C         
  215 0000007C 4878            LDR              R0, =GPIO_PORTP_PCTL_R ; Carreg
                                                            a o R0 com o endere
                                                            ço do PCTL para a p
                                                            orta P
  216 0000007E 6001            STR              R1, [R0]    ; Guarda no registr
                                                            ador PCTL da porta 
                                                            P da memória
  217 00000080         
  218 00000080 4878            LDR              R0, =GPIO_PORTQ_PCTL_R ; Carreg
                                                            a o R0 com o endere
                                                            ço do PCTL para a p
                                                            orta Q
  219 00000082 6001            STR              R1, [R0]    ; Guarda no registr
                                                            ador PCTL da porta 
                                                            Q da memória
  220 00000084         
  221 00000084         ; 4. DIR para 0 se for entrada, 1 se for saída
  222 00000084 4878            LDR              R0, =GPIO_PORTA_AHB_DIR_R ; Car
                                                            rega o R0 com o end
                                                            ereço do DIR para a
                                                             porta A
  223 00000086 F04F 01F0       MOV              R1, #2_11110000 ; PA7:PA4
  224 0000008A 6001            STR              R1, [R0]    ; Guarda no registr
                                                            ador
  225 0000008C         
  226 0000008C         ; O certo era verificar os outros bits da PJ para não tr
                       ansformar entradas em saídas desnecessárias
  227 0000008C 4877            LDR              R0, =GPIO_PORTJ_AHB_DIR_R ; Car
                                                            rega o R0 com o end
                                                            ereço do DIR para a
                                                             porta J
  228 0000008E F04F 0100       MOV              R1, #2_00   ; PJ0
  229 00000092 6001            STR              R1, [R0]    ; Guarda no registr
                                                            ador PCTL da porta 
                                                            J da memória
  230 00000094         
  231 00000094 4876            LDR              R0, =GPIO_PORTK_DIR_R ; Carrega
                                                             o R0 com o endereç
                                                            o do DIR para a por
                                                            ta K
  232 00000096 F04F 01FF       MOV              R1, #2_11111111 ; PK7:PK0
  233 0000009A 6001            STR              R1, [R0]    ; Guarda no registr
                                                            ador
  234 0000009C         
  235 0000009C 4875            LDR              R0, =GPIO_PORTL_DIR_R ; Carrega
                                                             o R0 com o endereç



ARM Macro Assembler    Page 11 


                                                            o do DIR para a por
                                                            ta L
  236 0000009E F04F 0100       MOV              R1, #2_00000000 ; PL3:PL0
  237 000000A2 6001            STR              R1, [R0]    ; Guarda no registr
                                                            ador
  238 000000A4         
  239 000000A4 4874            LDR              R0, =GPIO_PORTM_DIR_R ; Carrega
                                                             o R0 com o endereç
                                                            o do DIR para a por
                                                            ta M
  240 000000A6 F04F 01F7       MOV              R1, #2_11110111 
                                                            ; PM7:PM4 e PM2:PM0
                                                            
  241 000000AA 6001            STR              R1, [R0]    ; Guarda no registr
                                                            ador
  242 000000AC         
  243 000000AC 4873            LDR              R0, =GPIO_PORTP_DIR_R ; Carrega
                                                             o R0 com o endereç
                                                            o do DIR para a por
                                                            ta P
  244 000000AE F04F 0120       MOV              R1, #2_00100000 ; PP5
  245 000000B2 6001            STR              R1, [R0]    ; Guarda no registr
                                                            ador
  246 000000B4         
  247 000000B4 4872            LDR              R0, =GPIO_PORTQ_DIR_R ; Carrega
                                                             o R0 com o endereç
                                                            o do DIR para a por
                                                            ta Q
  248 000000B6 F04F 010F       MOV              R1, #2_00001111 ; PQ3:PQ0
  249 000000BA 6001            STR              R1, [R0]    ; Guarda no registr
                                                            ador
  250 000000BC         
  251 000000BC         ; 5. Limpar os bits AFSEL para 0 para selecionar GPIO 
  252 000000BC         ;    Sem função alternativa
  253 000000BC F04F 0100       MOV              R1, #0x00   ; Colocar o valor 0
                                                             para não setar fun
                                                            ção alternativa
  254 000000C0         
  255 000000C0 4870            LDR              R0, =GPIO_PORTA_AHB_AFSEL_R ; C
                                                            arrega o endereço d
                                                            o AFSEL da porta A
  256 000000C2 6001            STR              R1, [R0]    ; Escreve na porta
  257 000000C4         
  258 000000C4 4870            LDR              R0, =GPIO_PORTJ_AHB_AFSEL_R ; C
                                                            arrega o endereço d
                                                            o AFSEL da porta J
  259 000000C6 6001            STR              R1, [R0]    ; Escreve na porta
  260 000000C8         
  261 000000C8 4870            LDR              R0, =GPIO_PORTK_AFSEL_R ; Carre
                                                            ga o endereço do AF
                                                            SEL da porta K
  262 000000CA 6001            STR              R1, [R0]    ; Escreve na porta
  263 000000CC         
  264 000000CC 4870            LDR              R0, =GPIO_PORTL_AFSEL_R ; Carre
                                                            ga o endereço do AF
                                                            SEL da porta L
  265 000000CE 6001            STR              R1, [R0]    ; Escreve na porta
  266 000000D0         
  267 000000D0 4870            LDR              R0, =GPIO_PORTM_AFSEL_R ; Carre



ARM Macro Assembler    Page 12 


                                                            ga o endereço do AF
                                                            SEL da porta M
  268 000000D2 6001            STR              R1, [R0]    ; Escreve na porta
  269 000000D4         
  270 000000D4 4870            LDR              R0, =GPIO_PORTP_AFSEL_R ; Carre
                                                            ga o endereço do AF
                                                            SEL da porta P
  271 000000D6 6001            STR              R1, [R0]    ; Escreve na porta
  272 000000D8         
  273 000000D8 4870            LDR              R0, =GPIO_PORTQ_AFSEL_R ; Carre
                                                            ga o endereço do AF
                                                            SEL da porta Q
  274 000000DA 6001            STR              R1, [R0]    ; Escreve na porta
  275 000000DC         
  276 000000DC         ; 6. Setar os bits de DEN para habilitar I/O digital
  277 000000DC         ; Escrita amigável - Read-modify-write
  278 000000DC 4870            LDR              R0, =GPIO_PORTA_AHB_DEN_R ; Car
                                                            rega o endereço do 
                                                            DEN
  279 000000DE 6801            LDR              R1, [R0]    ; Lê para carregar 
                                                            o valor anterior da
                                                             porta inteira
  280 000000E0 F041 01F0       ORR              R1, R1, #2_11110000 ; Faz o OR 
                                                            bit a bit para mant
                                                            er os valores anter
                                                            iores e setar somen
                                                            te PA7:PA4
  281 000000E4 6001            STR              R1, [R0]    ; Escreve no regist
                                                            rador da memória fu
                                                            ncionalidade digita
                                                            l
  282 000000E6         
  283 000000E6 486F            LDR              R0, =GPIO_PORTJ_AHB_DEN_R ; Car
                                                            rega o endereço do 
                                                            DEN
  284 000000E8 6801            LDR              R1, [R0]    ; Lê para carregar 
                                                            o valor anterior da
                                                             porta inteira
  285 000000EA F041 0103       ORR              R1, R1, #2_00000011 ; Faz o OR 
                                                            bit a bit para mant
                                                            er os valores anter
                                                            iores e setar somen
                                                            te PJ0
  286 000000EE 6001            STR              R1, [R0]    ; Escreve no regist
                                                            rador da memória fu
                                                            ncionalidade digita
                                                            l
  287 000000F0         
  288 000000F0 486D            LDR              R0, =GPIO_PORTK_DEN_R ; Carrega
                                                             o endereço do DEN
  289 000000F2 6801            LDR              R1, [R0]    ; Lê para carregar 
                                                            o valor anterior da
                                                             porta inteira
  290 000000F4 F041 01FF       ORR              R1, R1, #2_11111111 ; Faz o OR 
                                                            bit a bit para mant
                                                            er os valores anter
                                                            iores e setar somen
                                                            te PK7:PK0
  291 000000F8 6001            STR              R1, [R0]    ; Escreve no regist



ARM Macro Assembler    Page 13 


                                                            rador da memória fu
                                                            ncionalidade digita
                                                            l
  292 000000FA         
  293 000000FA 486C            LDR              R0, =GPIO_PORTL_DEN_R ; Carrega
                                                             o endereço do DEN
  294 000000FC 6801            LDR              R1, [R0]    ; Lê para carregar 
                                                            o valor anterior da
                                                             porta inteira
  295 000000FE F041 010F       ORR              R1, R1, #2_00001111 ; Faz o OR 
                                                            bit a bit para mant
                                                            er os valores anter
                                                            iores e setar somen
                                                            te PL3:PL0
  296 00000102 6001            STR              R1, [R0]    ; Escreve no regist
                                                            rador da memória fu
                                                            ncionalidade digita
                                                            l
  297 00000104         
  298 00000104 486A            LDR              R0, =GPIO_PORTM_DEN_R ; Carrega
                                                             o endereço do DEN
  299 00000106 6801            LDR              R1, [R0]    ; Lê para carregar 
                                                            o valor anterior da
                                                             porta inteira
  300 00000108 F041 01F7       ORR              R1, R1, #2_11110111 ; Faz o OR 
                                                            bit a bit para mant
                                                            er os valores anter
                                                            iores e setar somen
                                                            te PM7:PM4 e PM2:PM
                                                            0
  301 0000010C 6001            STR              R1, [R0]    ; Escreve no regist
                                                            rador da memória fu
                                                            ncionalidade digita
                                                            l
  302 0000010E         
  303 0000010E 4869            LDR              R0, =GPIO_PORTP_DEN_R ; Carrega
                                                             o endereço do DEN
  304 00000110 6801            LDR              R1, [R0]    ; Lê para carregar 
                                                            o valor anterior da
                                                             porta inteira
  305 00000112 F041 0120       ORR              R1, R1, #2_00100000 ; Faz o OR 
                                                            bit a bit para mant
                                                            er os valores anter
                                                            iores e setar somen
                                                            te PP5
  306 00000116 6001            STR              R1, [R0]    ; Escreve no regist
                                                            rador da memória fu
                                                            ncionalidade digita
                                                            l
  307 00000118         
  308 00000118 4867            LDR              R0, =GPIO_PORTQ_DEN_R ; Carrega
                                                             o endereço do DEN
  309 0000011A 6801            LDR              R1, [R0]    ; Lê para carregar 
                                                            o valor anterior da
                                                             porta inteira
  310 0000011C F041 010F       ORR              R1, R1, #2_00001111 ; Faz o OR 
                                                            bit a bit para mant
                                                            er os valores anter
                                                            iores e setar somen



ARM Macro Assembler    Page 14 


                                                            te PQ3:PQ0
  311 00000120 6001            STR              R1, [R0]    ; Escreve no regist
                                                            rador da memória fu
                                                            ncionalidade digita
                                                            l
  312 00000122         
  313 00000122         ; 7. Para habilitar resistor de pull-up interno, setar P
                       UR para 1
  314 00000122 4866            LDR              R0, =GPIO_PORTJ_AHB_PUR_R ; Car
                                                            rega o endereço do 
                                                            PUR para a porta J
  315 00000124 F04F 0103       MOV              R1, #2_0011 ; Habilitar funcion
                                                            alidade digital de 
                                                            resistor de pull-up
                                                             PJ0
  316 00000128 6001            STR              R1, [R0]    ; Escreve no regist
                                                            rador da memória do
                                                             resistor de pull-u
                                                            p
  317 0000012A         
  318 0000012A 4865            LDR              R0, =GPIO_PORTL_PUR_R ; Carrega
                                                             o endereço do PUR 
                                                            para a porta L
  319 0000012C F04F 010F       MOV              R1, #2_1111 ; Habilitar funcion
                                                            alidade digital de 
                                                            resistor de pull-up
                                                             PL3:PL0
  320 00000130 6001            STR              R1, [R0]    ; Escreve no regist
                                                            rador da memória do
                                                             resistor de pull-u
                                                            p
  321 00000132         
  322 00000132         ; 8. Interrupções
  323 00000132 4964            LDR              R1, =GPIO_PORTJ_IM_R
  324 00000134 F04F 0000       MOV              R0, #2_0    ; Desabilita a inte
                                                            rrupção na porta J0
                                                            
  325 00000138 6008            STR              R0, [R1]
  326 0000013A         
  327 0000013A F04F 0100       MOV              R1, #2_0
  328 0000013E 4862            LDR              R0, =GPIO_PORTJ_IS_R ; 0 para i
                                                            nterrupção de borda
                                                             e 1 para nível
  329 00000140 6001            STR              R1, [R0]
  330 00000142         
  331 00000142 F04F 0100       MOV              R1, #2_0
  332 00000146 4861            LDR              R0, =GPIO_PORTJ_IBE_R ; 0 para 
                                                            borda única
  333 00000148 6001            STR              R1, [R0]
  334 0000014A         
  335 0000014A F04F 0100       MOV              R1, #2_0
  336 0000014E 4860            LDR              R0, =GPIO_PORTJ_IEV_R ; 0 para 
                                                            borda de descida
  337 00000150 6001            STR              R1, [R0]
  338 00000152         
  339 00000152 4960            LDR              R1, =GPIO_PORTJ_ICR_R ; Configu
                                                            ra a interrupção na
                                                             porta PJ0 E PJ1
  340 00000154 F04F 0003       MOV              R0, #2_00000011



ARM Macro Assembler    Page 15 


  341 00000158 6008            STR              R0, [R1]
  342 0000015A         
  343 0000015A 495A            LDR              R1, =GPIO_PORTJ_IM_R ; Habilita
                                                             a interrupção na p
                                                            orta J0 E J1
  344 0000015C F04F 0003       MOV              R0, #2_00000011
  345 00000160 6008            STR              R0, [R1]
  346 00000162         
  347 00000162 495D            LDR              R1, =NVIC_EN1_R ; Habilita a in
                                                            terrup??o no PortJ
  348 00000164 F04F 0001       MOV              R0, #1
  349 00000168 EA4F 40C0       LSL              R0, R0, #19
  350 0000016C 6008            STR              R0, [R1]
  351 0000016E         
  352 0000016E 495B            LDR              R1, =NVIC_PRI12_R ; Configura p
                                                            rioridade 5 nos bit
                                                            s 29 a 31
  353 00000170 F04F 0005       MOV              R0, #5
  354 00000174 EA4F 7040       LSL              R0, R0, #29
  355 00000178 6008            STR              R0, [R1]
  356 0000017A         
  357 0000017A B500            PUSH             {LR}
  358 0000017C F7FF FFFE       BL               EnableInterrupts ; Liga a chave
                                                             das interrupções
  359 00000180 F85D EB04       POP              {LR}
  360 00000184         
  361 00000184 4770            BX               LR
  362 00000186         
  363 00000186         ; ------------------------------------------------------
                       -------------------------
  364 00000186         ; Função PortA_Output
  365 00000186         ; Parâmetro de entrada: R0
  366 00000186         ; Parâmetro de saída: Não tem
  367 00000186         PortA_Output
  368 00000186 B407            PUSH             {R0, R1, R2}
  369 00000188         
  370 00000188 4955            LDR              R1, =GPIO_PORTA_AHB_DATA_R ; Ca
                                                            rrega o valor do of
                                                            fset do data regist
                                                            er
  371 0000018A         ; Read-Modify-Write para escrita
  372 0000018A 680A            LDR              R2, [R1]
  373 0000018C F022 02F0       BIC              R2, #2_11110000 ; Máscara com b
                                                            its 1 nas posições 
                                                            que queremos limpar
                                                             PA7:PA4
  374 00000190 EA40 0002       ORR              R0, R0, R2  ; Fazer o OR do lid
                                                            o pela porta com o 
                                                            parâmetro de entrad
                                                            a
  375 00000194 6008            STR              R0, [R1]    ; Escreve na porta 
                                                            A
  376 00000196         
  377 00000196 BC07            POP              {R0, R1, R2}
  378 00000198 4770            BX               LR          ; Retorna
  379 0000019A         
  380 0000019A         ; Função PortJ_Input
  381 0000019A         ; Parâmetro de entrada: Não tem
  382 0000019A         ; Parâmetro de saída: R0 --> o valor da leitura



ARM Macro Assembler    Page 16 


  383 0000019A         PortJ_Input
  384 0000019A B403            PUSH             {R0, R1}
  385 0000019C         
  386 0000019C 4951            LDR              R1, =GPIO_PORTJ_AHB_DATA_R ; Ca
                                                            rrega o valor do of
                                                            fset do data regist
                                                            er
  387 0000019E 6808            LDR              R0, [R1]    ; Lê no barramento 
                                                            de dados dos pinos
  388 000001A0         
  389 000001A0 BC03            POP              {R0, R1}
  390 000001A2 4770            BX               LR          ; Retorna
  391 000001A4         
  392 000001A4         ; Fun??o GPIOPortJ_Handler
  393 000001A4         ; Par?metro de entrada: N?o tem
  394 000001A4         ; Par?metro de sa?da: R0 --> o valor a ser atualizado
  395 000001A4         GPIOPortJ_Handler
  396 000001A4 B503            PUSH             {R0, R1, LR}
  397 000001A6 4950            LDR              R1, =GPIO_PORTJ_RIS_R
  398 000001A8 6808            LDR              R0, [R1]
  399 000001AA         
  400 000001AA 2801            CMP              R0, #2_01
  401 000001AC BF08 F000 
              F807             BLEQ             SW1_pressed
  402 000001B2         
  403 000001B2 4948            LDR              R1, =GPIO_PORTJ_ICR_R
  404 000001B4 F04F 0001       MOV              R0, #2_00000001 ; PJ0 E PJ1
  405 000001B8 6008            STR              R0, [R1]    ; Limpa a interrup?
                                                            ?o (ACK)
  406 000001BA         
  407 000001BA E8BD 4003       POP              {R0, R1, LR}
  408 000001BE 4770            BX               LR          ; Retorna
  409 000001C0         
  410 000001C0         SW1_pressed                          ; Deve limpar a mem
                                                            oria de multiplicad
                                                            ores
  411 000001C0 B500            PUSH             {LR}
  412 000001C2 F7FF FFFE       BL               zerar_memoria
  413 000001C6 F85D EB04       POP              {LR}
  414 000001CA 4770            BX               LR
  415 000001CC         
  416 000001CC         
  417 000001CC         ; Função PortK_Output
  418 000001CC         ; Parâmetro de entrada: R0
  419 000001CC         ; Parâmetro de saída:  Não tem
  420 000001CC         PortK_Output
  421 000001CC B407            PUSH             {R0, R1, R2}
  422 000001CE         
  423 000001CE 4947            LDR              R1, =GPIO_PORTK_DATA_R ; Carreg
                                                            a o valor do offset
                                                             do data register
  424 000001D0         ; Read-Modify-Write para escrita
  425 000001D0 680A            LDR              R2, [R1]
  426 000001D2 F022 02FF       BIC              R2, #2_11111111 ; Máscara com b
                                                            its 1 nas posições 
                                                            que queremos limpar
                                                             PK7:PK0
  427 000001D6 EA40 0002       ORR              R0, R0, R2  ; Fazer o OR do lid
                                                            o pela porta com o 



ARM Macro Assembler    Page 17 


                                                            parâmetro de entrad
                                                            a
  428 000001DA 6008            STR              R0, [R1]    ; Escreve na porta 
                                                            K
  429 000001DC         
  430 000001DC BC07            POP              {R0, R1, R2}
  431 000001DE 4770            BX               LR          ; Retorna
  432 000001E0         
  433 000001E0         ; Função PortL_Input
  434 000001E0         ; Parâmetro de entrada: Não tem
  435 000001E0         ; Parâmetro de saída: R0 --> o valor da leitura
  436 000001E0         PortL_Input
  437 000001E0 B407            PUSH             {R0, R1, R2}
  438 000001E2 4943            LDR              R1, =GPIO_PORTL_DATA_R ; Carreg
                                                            a o valor do offset
                                                             do data register
  439 000001E4 6808            LDR              R0, [R1]    ; Lê no barramento 
                                                            de dados dos pinos
  440 000001E6         
  441 000001E6 BC07            POP              {R0 ,R1, R2}
  442 000001E8 4770            BX               LR          ; Retorna
  443 000001EA         
  444 000001EA         ; Função PortM_Output
  445 000001EA         ; Parâmetro de entrada: R0
  446 000001EA         ; Parâmetro de saída:  Não tem
  447 000001EA         PortM_Output
  448 000001EA B407            PUSH             {R0, R1, R2}
  449 000001EC         
  450 000001EC 4941            LDR              R1, =GPIO_PORTM_DATA_R ; Carreg
                                                            a o valor do offset
                                                             do data register
  451 000001EE         ; Read-Modify-Write para escrita
  452 000001EE 680A            LDR              R2, [R1]
  453 000001F0 F022 02F7       BIC              R2, #2_11110111 ; Máscara com b
                                                            its 1 nas posições 
                                                            que queremos limpar
                                                             PM7:PM4 e PM3:PM0
  454 000001F4 EA40 0002       ORR              R0, R0, R2  ; Fazer o OR do lid
                                                            o pela porta com o 
                                                            parâmetro de entrad
                                                            a
  455 000001F8 6008            STR              R0, [R1]    ; Escreve na porta 
                                                            M
  456 000001FA         
  457 000001FA BC07            POP              {R0 ,R1, R2}
  458 000001FC 4770            BX               LR          ; Retorna
  459 000001FE         
  460 000001FE         ; Função PortP_Output
  461 000001FE         ; Parâmetro de entrada: R0
  462 000001FE         ; Parâmetro de saída:  Não tem
  463 000001FE         PortP_Output
  464 000001FE B407            PUSH             {R0, R1, R2}
  465 00000200 493D            LDR              R1, =GPIO_PORTP_DATA_R ; Carreg
                                                            a o valor do offset
                                                             do data register
  466 00000202         ; Read-Modify-Write para escrita
  467 00000202 680A            LDR              R2, [R1]
  468 00000204 F022 0220       BIC              R2, #2_00100000 ; Máscara com b
                                                            its 1 nas posições 



ARM Macro Assembler    Page 18 


                                                            que queremos limpar
                                                             PP5
  469 00000208 EA40 0002       ORR              R0, R0, R2  ; Fazer o OR do lid
                                                            o pela porta com o 
                                                            parâmetro de entrad
                                                            a
  470 0000020C 6008            STR              R0, [R1]    ; Escreve na porta 
                                                            P
  471 0000020E         
  472 0000020E BC07            POP              {R0 ,R1, R2}
  473 00000210 4770            BX               LR          ; Retorna
  474 00000212         
  475 00000212         
  476 00000212         
  477 00000212         ; Função PortQ_Output
  478 00000212         ; Parâmetro de entrada: R0
  479 00000212         ; Parâmetro de saída: Não tem
  480 00000212         PortQ_Output
  481 00000212 B407            PUSH             {R0, R1, R2}
  482 00000214         
  483 00000214 4939            LDR              R1, =GPIO_PORTQ_DATA_R ; Carreg
                                                            a o valor do offset
                                                             do data register
  484 00000216         ; Read-Modify-Write para escrita
  485 00000216 680A            LDR              R2, [R1]
  486 00000218 F022 020F       BIC              R2, #2_00001111 ; Máscara com b
                                                            its 1 nas posições 
                                                            que queremos limpar
                                                             PQ3:PQ0
  487 0000021C EA40 0002       ORR              R0, R0, R2  ; Fazer o OR do lid
                                                            o pela porta com o 
                                                            parâmetro de entrad
                                                            a
  488 00000220 6008            STR              R0, [R1]    ; Escreve na porta 
                                                            Q
  489 00000222         
  490 00000222 BC07            POP              {R0, R1, R2}
  491 00000224 4770            BX               LR          ; Retorna
  492 00000226         
  493 00000226         ; ------------------------------------------------------
                       -------------------------
  494 00000226         
  495 00000226 00 00           ALIGN                        ; garante que o fim
                                                             da seção está alin
                                                            hada 
  496 00000228                 END                          ; fim do arquivo
              400FE608 
              400FEA08 
              40058528 
              40060528 
              40061528 
              40062528 
              40063528 
              40065528 
              40066528 
              4005852C 
              4006052C 
              4006152C 
              4006252C 



ARM Macro Assembler    Page 19 


              4006352C 
              4006552C 
              4006652C 
              40058400 
              40060400 
              40061400 
              40062400 
              40063400 
              40065400 
              40066400 
              40058420 
              40060420 
              40061420 
              40062420 
              40063420 
              40065420 
              40066420 
              4005851C 
              4006051C 
              4006151C 
              4006251C 
              4006351C 
              4006551C 
              4006651C 
              40060510 
              40062510 
              40060410 
              40060404 
              40060408 
              4006040C 
              4006041C 
              E000E104 
              E000E430 
              400583FC 
              400603FC 
              40060414 
              400613FC 
              400623FC 
              400633FC 
              400653FC 
              400663FC 
Command Line: --debug --xref --diag_suppress=9931 --cpu=Cortex-M4.fp.sp --apcs=
interwork --depend=.\objects\gpio.d -o.\objects\gpio.o -IC:\Users\victo\AppData
\Local\Arm\Packs\Keil\TM4C_DFP\1.1.0\Device\Include\TM4C129 --predefine="__EVAL
 SETA 1" --predefine="__UVISION_VERSION SETA 536" --predefine="TM4C1294NCPDT SE
TA 1" --list=.\listings\gpio.lst gpio.s



ARM Macro Assembler    Page 1 Alphabetic symbol ordering
Relocatable symbols

.text 00000000

Symbol: .text
   Definitions
      At line 127 in file gpio.s
   Uses
      None
Comment: .text unused
EsperaGPIO 00000022

Symbol: EsperaGPIO
   Definitions
      At line 164 in file gpio.s
   Uses
      At line 173 in file gpio.s
Comment: EsperaGPIO used once
GPIOPortJ_Handler 000001A4

Symbol: GPIOPortJ_Handler
   Definitions
      At line 395 in file gpio.s
   Uses
      At line 138 in file gpio.s
Comment: GPIOPortJ_Handler used once
GPIO_Init 00000000

Symbol: GPIO_Init
   Definitions
      At line 148 in file gpio.s
   Uses
      At line 130 in file gpio.s
Comment: GPIO_Init used once
PortA_Output 00000186

Symbol: PortA_Output
   Definitions
      At line 367 in file gpio.s
   Uses
      At line 131 in file gpio.s
Comment: PortA_Output used once
PortJ_Input 0000019A

Symbol: PortJ_Input
   Definitions
      At line 383 in file gpio.s
   Uses
      At line 132 in file gpio.s
Comment: PortJ_Input used once
PortK_Output 000001CC

Symbol: PortK_Output
   Definitions
      At line 420 in file gpio.s
   Uses
      At line 133 in file gpio.s
Comment: PortK_Output used once
PortL_Input 000001E0

Symbol: PortL_Input



ARM Macro Assembler    Page 2 Alphabetic symbol ordering
Relocatable symbols

   Definitions
      At line 436 in file gpio.s
   Uses
      At line 134 in file gpio.s
Comment: PortL_Input used once
PortM_Output 000001EA

Symbol: PortM_Output
   Definitions
      At line 447 in file gpio.s
   Uses
      At line 135 in file gpio.s
Comment: PortM_Output used once
PortP_Output 000001FE

Symbol: PortP_Output
   Definitions
      At line 463 in file gpio.s
   Uses
      At line 136 in file gpio.s
Comment: PortP_Output used once
PortQ_Output 00000212

Symbol: PortQ_Output
   Definitions
      At line 480 in file gpio.s
   Uses
      At line 137 in file gpio.s
Comment: PortQ_Output used once
SW1_pressed 000001C0

Symbol: SW1_pressed
   Definitions
      At line 410 in file gpio.s
   Uses
      At line 401 in file gpio.s
Comment: SW1_pressed used once
12 symbols



ARM Macro Assembler    Page 1 Alphabetic symbol ordering
Absolute symbols

GET_PASSWORD 00000000

Symbol: GET_PASSWORD
   Definitions
      At line 10 in file gpio.s
   Uses
      None
Comment: GET_PASSWORD unused
GPIO_PORTA 00000001

Symbol: GPIO_PORTA
   Definitions
      At line 34 in file gpio.s
   Uses
      At line 154 in file gpio.s
      At line 165 in file gpio.s

GPIO_PORTA_AHB_AFSEL_R 40058420

Symbol: GPIO_PORTA_AHB_AFSEL_R
   Definitions
      At line 29 in file gpio.s
   Uses
      At line 255 in file gpio.s
Comment: GPIO_PORTA_AHB_AFSEL_R used once
GPIO_PORTA_AHB_AMSEL_R 40058528

Symbol: GPIO_PORTA_AHB_AMSEL_R
   Definitions
      At line 26 in file gpio.s
   Uses
      At line 177 in file gpio.s
Comment: GPIO_PORTA_AHB_AMSEL_R used once
GPIO_PORTA_AHB_CR_R 40058524

Symbol: GPIO_PORTA_AHB_CR_R
   Definitions
      At line 25 in file gpio.s
   Uses
      None
Comment: GPIO_PORTA_AHB_CR_R unused
GPIO_PORTA_AHB_DATA_BITS_R 40058000

Symbol: GPIO_PORTA_AHB_DATA_BITS_R
   Definitions
      At line 33 in file gpio.s
   Uses
      None
Comment: GPIO_PORTA_AHB_DATA_BITS_R unused
GPIO_PORTA_AHB_DATA_R 400583FC

Symbol: GPIO_PORTA_AHB_DATA_R
   Definitions
      At line 32 in file gpio.s
   Uses
      At line 370 in file gpio.s
Comment: GPIO_PORTA_AHB_DATA_R used once
GPIO_PORTA_AHB_DEN_R 4005851C




ARM Macro Assembler    Page 2 Alphabetic symbol ordering
Absolute symbols

Symbol: GPIO_PORTA_AHB_DEN_R
   Definitions
      At line 30 in file gpio.s
   Uses
      At line 278 in file gpio.s
Comment: GPIO_PORTA_AHB_DEN_R used once
GPIO_PORTA_AHB_DIR_R 40058400

Symbol: GPIO_PORTA_AHB_DIR_R
   Definitions
      At line 28 in file gpio.s
   Uses
      At line 222 in file gpio.s
Comment: GPIO_PORTA_AHB_DIR_R used once
GPIO_PORTA_AHB_LOCK_R 40058520

Symbol: GPIO_PORTA_AHB_LOCK_R
   Definitions
      At line 24 in file gpio.s
   Uses
      None
Comment: GPIO_PORTA_AHB_LOCK_R unused
GPIO_PORTA_AHB_PCTL_R 4005852C

Symbol: GPIO_PORTA_AHB_PCTL_R
   Definitions
      At line 27 in file gpio.s
   Uses
      At line 200 in file gpio.s
Comment: GPIO_PORTA_AHB_PCTL_R used once
GPIO_PORTA_AHB_PUR_R 40058510

Symbol: GPIO_PORTA_AHB_PUR_R
   Definitions
      At line 31 in file gpio.s
   Uses
      None
Comment: GPIO_PORTA_AHB_PUR_R unused
GPIO_PORTJ 00000100

Symbol: GPIO_PORTJ
   Definitions
      At line 47 in file gpio.s
   Uses
      At line 155 in file gpio.s
      At line 166 in file gpio.s

GPIO_PORTJ_AHB_AFSEL_R 40060420

Symbol: GPIO_PORTJ_AHB_AFSEL_R
   Definitions
      At line 42 in file gpio.s
   Uses
      At line 258 in file gpio.s
Comment: GPIO_PORTJ_AHB_AFSEL_R used once
GPIO_PORTJ_AHB_AMSEL_R 40060528

Symbol: GPIO_PORTJ_AHB_AMSEL_R
   Definitions



ARM Macro Assembler    Page 3 Alphabetic symbol ordering
Absolute symbols

      At line 39 in file gpio.s
   Uses
      At line 180 in file gpio.s
Comment: GPIO_PORTJ_AHB_AMSEL_R used once
GPIO_PORTJ_AHB_CR_R 40060524

Symbol: GPIO_PORTJ_AHB_CR_R
   Definitions
      At line 38 in file gpio.s
   Uses
      None
Comment: GPIO_PORTJ_AHB_CR_R unused
GPIO_PORTJ_AHB_DATA_BITS_R 40060000

Symbol: GPIO_PORTJ_AHB_DATA_BITS_R
   Definitions
      At line 46 in file gpio.s
   Uses
      None
Comment: GPIO_PORTJ_AHB_DATA_BITS_R unused
GPIO_PORTJ_AHB_DATA_R 400603FC

Symbol: GPIO_PORTJ_AHB_DATA_R
   Definitions
      At line 45 in file gpio.s
   Uses
      At line 386 in file gpio.s
Comment: GPIO_PORTJ_AHB_DATA_R used once
GPIO_PORTJ_AHB_DEN_R 4006051C

Symbol: GPIO_PORTJ_AHB_DEN_R
   Definitions
      At line 43 in file gpio.s
   Uses
      At line 283 in file gpio.s
Comment: GPIO_PORTJ_AHB_DEN_R used once
GPIO_PORTJ_AHB_DIR_R 40060400

Symbol: GPIO_PORTJ_AHB_DIR_R
   Definitions
      At line 41 in file gpio.s
   Uses
      At line 227 in file gpio.s
Comment: GPIO_PORTJ_AHB_DIR_R used once
GPIO_PORTJ_AHB_LOCK_R 40060520

Symbol: GPIO_PORTJ_AHB_LOCK_R
   Definitions
      At line 37 in file gpio.s
   Uses
      None
Comment: GPIO_PORTJ_AHB_LOCK_R unused
GPIO_PORTJ_AHB_PCTL_R 4006052C

Symbol: GPIO_PORTJ_AHB_PCTL_R
   Definitions
      At line 40 in file gpio.s
   Uses
      At line 203 in file gpio.s



ARM Macro Assembler    Page 4 Alphabetic symbol ordering
Absolute symbols

Comment: GPIO_PORTJ_AHB_PCTL_R used once
GPIO_PORTJ_AHB_PUR_R 40060510

Symbol: GPIO_PORTJ_AHB_PUR_R
   Definitions
      At line 44 in file gpio.s
   Uses
      At line 314 in file gpio.s
Comment: GPIO_PORTJ_AHB_PUR_R used once
GPIO_PORTJ_IBE_R 40060408

Symbol: GPIO_PORTJ_IBE_R
   Definitions
      At line 116 in file gpio.s
   Uses
      At line 332 in file gpio.s
Comment: GPIO_PORTJ_IBE_R used once
GPIO_PORTJ_ICR_R 4006041C

Symbol: GPIO_PORTJ_ICR_R
   Definitions
      At line 119 in file gpio.s
   Uses
      At line 339 in file gpio.s
      At line 403 in file gpio.s

GPIO_PORTJ_IEV_R 4006040C

Symbol: GPIO_PORTJ_IEV_R
   Definitions
      At line 117 in file gpio.s
   Uses
      At line 336 in file gpio.s
Comment: GPIO_PORTJ_IEV_R used once
GPIO_PORTJ_IM_R 40060410

Symbol: GPIO_PORTJ_IM_R
   Definitions
      At line 118 in file gpio.s
   Uses
      At line 323 in file gpio.s
      At line 343 in file gpio.s

GPIO_PORTJ_IS_R 40060404

Symbol: GPIO_PORTJ_IS_R
   Definitions
      At line 115 in file gpio.s
   Uses
      At line 328 in file gpio.s
Comment: GPIO_PORTJ_IS_R used once
GPIO_PORTJ_RIS_R 40060414

Symbol: GPIO_PORTJ_RIS_R
   Definitions
      At line 122 in file gpio.s
   Uses
      At line 397 in file gpio.s
Comment: GPIO_PORTJ_RIS_R used once



ARM Macro Assembler    Page 5 Alphabetic symbol ordering
Absolute symbols

GPIO_PORTK 00000200

Symbol: GPIO_PORTK
   Definitions
      At line 60 in file gpio.s
   Uses
      At line 156 in file gpio.s
      At line 167 in file gpio.s

GPIO_PORTK_AFSEL_R 40061420

Symbol: GPIO_PORTK_AFSEL_R
   Definitions
      At line 55 in file gpio.s
   Uses
      At line 261 in file gpio.s
Comment: GPIO_PORTK_AFSEL_R used once
GPIO_PORTK_AMSEL_R 40061528

Symbol: GPIO_PORTK_AMSEL_R
   Definitions
      At line 52 in file gpio.s
   Uses
      At line 183 in file gpio.s
Comment: GPIO_PORTK_AMSEL_R used once
GPIO_PORTK_CR_R 40061524

Symbol: GPIO_PORTK_CR_R
   Definitions
      At line 51 in file gpio.s
   Uses
      None
Comment: GPIO_PORTK_CR_R unused
GPIO_PORTK_DATA_BITS_R 40061000

Symbol: GPIO_PORTK_DATA_BITS_R
   Definitions
      At line 59 in file gpio.s
   Uses
      None
Comment: GPIO_PORTK_DATA_BITS_R unused
GPIO_PORTK_DATA_R 400613FC

Symbol: GPIO_PORTK_DATA_R
   Definitions
      At line 58 in file gpio.s
   Uses
      At line 423 in file gpio.s
Comment: GPIO_PORTK_DATA_R used once
GPIO_PORTK_DEN_R 4006151C

Symbol: GPIO_PORTK_DEN_R
   Definitions
      At line 56 in file gpio.s
   Uses
      At line 288 in file gpio.s
Comment: GPIO_PORTK_DEN_R used once
GPIO_PORTK_DIR_R 40061400




ARM Macro Assembler    Page 6 Alphabetic symbol ordering
Absolute symbols

Symbol: GPIO_PORTK_DIR_R
   Definitions
      At line 54 in file gpio.s
   Uses
      At line 231 in file gpio.s
Comment: GPIO_PORTK_DIR_R used once
GPIO_PORTK_LOCK_R 40061520

Symbol: GPIO_PORTK_LOCK_R
   Definitions
      At line 50 in file gpio.s
   Uses
      None
Comment: GPIO_PORTK_LOCK_R unused
GPIO_PORTK_PCTL_R 4006152C

Symbol: GPIO_PORTK_PCTL_R
   Definitions
      At line 53 in file gpio.s
   Uses
      At line 206 in file gpio.s
Comment: GPIO_PORTK_PCTL_R used once
GPIO_PORTK_PUR_R 40061510

Symbol: GPIO_PORTK_PUR_R
   Definitions
      At line 57 in file gpio.s
   Uses
      None
Comment: GPIO_PORTK_PUR_R unused
GPIO_PORTL 00000400

Symbol: GPIO_PORTL
   Definitions
      At line 72 in file gpio.s
   Uses
      At line 157 in file gpio.s
      At line 168 in file gpio.s

GPIO_PORTL_AFSEL_R 40062420

Symbol: GPIO_PORTL_AFSEL_R
   Definitions
      At line 68 in file gpio.s
   Uses
      At line 264 in file gpio.s
Comment: GPIO_PORTL_AFSEL_R used once
GPIO_PORTL_AMSEL_R 40062528

Symbol: GPIO_PORTL_AMSEL_R
   Definitions
      At line 65 in file gpio.s
   Uses
      At line 186 in file gpio.s
Comment: GPIO_PORTL_AMSEL_R used once
GPIO_PORTL_CR_R 40062524

Symbol: GPIO_PORTL_CR_R
   Definitions



ARM Macro Assembler    Page 7 Alphabetic symbol ordering
Absolute symbols

      At line 64 in file gpio.s
   Uses
      None
Comment: GPIO_PORTL_CR_R unused
GPIO_PORTL_DATA_R 400623FC

Symbol: GPIO_PORTL_DATA_R
   Definitions
      At line 71 in file gpio.s
   Uses
      At line 438 in file gpio.s
Comment: GPIO_PORTL_DATA_R used once
GPIO_PORTL_DEN_R 4006251C

Symbol: GPIO_PORTL_DEN_R
   Definitions
      At line 69 in file gpio.s
   Uses
      At line 293 in file gpio.s
Comment: GPIO_PORTL_DEN_R used once
GPIO_PORTL_DIR_R 40062400

Symbol: GPIO_PORTL_DIR_R
   Definitions
      At line 67 in file gpio.s
   Uses
      At line 235 in file gpio.s
Comment: GPIO_PORTL_DIR_R used once
GPIO_PORTL_LOCK_R 40062520

Symbol: GPIO_PORTL_LOCK_R
   Definitions
      At line 63 in file gpio.s
   Uses
      None
Comment: GPIO_PORTL_LOCK_R unused
GPIO_PORTL_PCTL_R 4006252C

Symbol: GPIO_PORTL_PCTL_R
   Definitions
      At line 66 in file gpio.s
   Uses
      At line 209 in file gpio.s
Comment: GPIO_PORTL_PCTL_R used once
GPIO_PORTL_PUR_R 40062510

Symbol: GPIO_PORTL_PUR_R
   Definitions
      At line 70 in file gpio.s
   Uses
      At line 318 in file gpio.s
Comment: GPIO_PORTL_PUR_R used once
GPIO_PORTM 00000800

Symbol: GPIO_PORTM
   Definitions
      At line 84 in file gpio.s
   Uses
      At line 158 in file gpio.s



ARM Macro Assembler    Page 8 Alphabetic symbol ordering
Absolute symbols

      At line 169 in file gpio.s

GPIO_PORTM_AFSEL_R 40063420

Symbol: GPIO_PORTM_AFSEL_R
   Definitions
      At line 80 in file gpio.s
   Uses
      At line 267 in file gpio.s
Comment: GPIO_PORTM_AFSEL_R used once
GPIO_PORTM_AMSEL_R 40063528

Symbol: GPIO_PORTM_AMSEL_R
   Definitions
      At line 77 in file gpio.s
   Uses
      At line 189 in file gpio.s
Comment: GPIO_PORTM_AMSEL_R used once
GPIO_PORTM_CR_R 40063524

Symbol: GPIO_PORTM_CR_R
   Definitions
      At line 76 in file gpio.s
   Uses
      None
Comment: GPIO_PORTM_CR_R unused
GPIO_PORTM_DATA_R 400633FC

Symbol: GPIO_PORTM_DATA_R
   Definitions
      At line 83 in file gpio.s
   Uses
      At line 450 in file gpio.s
Comment: GPIO_PORTM_DATA_R used once
GPIO_PORTM_DEN_R 4006351C

Symbol: GPIO_PORTM_DEN_R
   Definitions
      At line 81 in file gpio.s
   Uses
      At line 298 in file gpio.s
Comment: GPIO_PORTM_DEN_R used once
GPIO_PORTM_DIR_R 40063400

Symbol: GPIO_PORTM_DIR_R
   Definitions
      At line 79 in file gpio.s
   Uses
      At line 239 in file gpio.s
Comment: GPIO_PORTM_DIR_R used once
GPIO_PORTM_LOCK_R 40063520

Symbol: GPIO_PORTM_LOCK_R
   Definitions
      At line 75 in file gpio.s
   Uses
      None
Comment: GPIO_PORTM_LOCK_R unused
GPIO_PORTM_PCTL_R 4006352C



ARM Macro Assembler    Page 9 Alphabetic symbol ordering
Absolute symbols


Symbol: GPIO_PORTM_PCTL_R
   Definitions
      At line 78 in file gpio.s
   Uses
      At line 212 in file gpio.s
Comment: GPIO_PORTM_PCTL_R used once
GPIO_PORTM_PUR_R 40063510

Symbol: GPIO_PORTM_PUR_R
   Definitions
      At line 82 in file gpio.s
   Uses
      None
Comment: GPIO_PORTM_PUR_R unused
GPIO_PORTP 00002000

Symbol: GPIO_PORTP
   Definitions
      At line 97 in file gpio.s
   Uses
      At line 159 in file gpio.s
      At line 170 in file gpio.s

GPIO_PORTP_AFSEL_R 40065420

Symbol: GPIO_PORTP_AFSEL_R
   Definitions
      At line 92 in file gpio.s
   Uses
      At line 270 in file gpio.s
Comment: GPIO_PORTP_AFSEL_R used once
GPIO_PORTP_AMSEL_R 40065528

Symbol: GPIO_PORTP_AMSEL_R
   Definitions
      At line 89 in file gpio.s
   Uses
      At line 192 in file gpio.s
Comment: GPIO_PORTP_AMSEL_R used once
GPIO_PORTP_CR_R 40065524

Symbol: GPIO_PORTP_CR_R
   Definitions
      At line 88 in file gpio.s
   Uses
      None
Comment: GPIO_PORTP_CR_R unused
GPIO_PORTP_DATA_BITS_R 40065000

Symbol: GPIO_PORTP_DATA_BITS_R
   Definitions
      At line 96 in file gpio.s
   Uses
      None
Comment: GPIO_PORTP_DATA_BITS_R unused
GPIO_PORTP_DATA_R 400653FC

Symbol: GPIO_PORTP_DATA_R



ARM Macro Assembler    Page 10 Alphabetic symbol ordering
Absolute symbols

   Definitions
      At line 95 in file gpio.s
   Uses
      At line 465 in file gpio.s
Comment: GPIO_PORTP_DATA_R used once
GPIO_PORTP_DEN_R 4006551C

Symbol: GPIO_PORTP_DEN_R
   Definitions
      At line 93 in file gpio.s
   Uses
      At line 303 in file gpio.s
Comment: GPIO_PORTP_DEN_R used once
GPIO_PORTP_DIR_R 40065400

Symbol: GPIO_PORTP_DIR_R
   Definitions
      At line 91 in file gpio.s
   Uses
      At line 243 in file gpio.s
Comment: GPIO_PORTP_DIR_R used once
GPIO_PORTP_LOCK_R 40065520

Symbol: GPIO_PORTP_LOCK_R
   Definitions
      At line 87 in file gpio.s
   Uses
      None
Comment: GPIO_PORTP_LOCK_R unused
GPIO_PORTP_PCTL_R 4006552C

Symbol: GPIO_PORTP_PCTL_R
   Definitions
      At line 90 in file gpio.s
   Uses
      At line 215 in file gpio.s
Comment: GPIO_PORTP_PCTL_R used once
GPIO_PORTP_PUR_R 40065510

Symbol: GPIO_PORTP_PUR_R
   Definitions
      At line 94 in file gpio.s
   Uses
      None
Comment: GPIO_PORTP_PUR_R unused
GPIO_PORTQ 00004000

Symbol: GPIO_PORTQ
   Definitions
      At line 110 in file gpio.s
   Uses
      At line 160 in file gpio.s
      At line 171 in file gpio.s

GPIO_PORTQ_AFSEL_R 40066420

Symbol: GPIO_PORTQ_AFSEL_R
   Definitions
      At line 105 in file gpio.s



ARM Macro Assembler    Page 11 Alphabetic symbol ordering
Absolute symbols

   Uses
      At line 273 in file gpio.s
Comment: GPIO_PORTQ_AFSEL_R used once
GPIO_PORTQ_AMSEL_R 40066528

Symbol: GPIO_PORTQ_AMSEL_R
   Definitions
      At line 102 in file gpio.s
   Uses
      At line 195 in file gpio.s
Comment: GPIO_PORTQ_AMSEL_R used once
GPIO_PORTQ_CR_R 40066524

Symbol: GPIO_PORTQ_CR_R
   Definitions
      At line 101 in file gpio.s
   Uses
      None
Comment: GPIO_PORTQ_CR_R unused
GPIO_PORTQ_DATA_BITS_R 40066000

Symbol: GPIO_PORTQ_DATA_BITS_R
   Definitions
      At line 109 in file gpio.s
   Uses
      None
Comment: GPIO_PORTQ_DATA_BITS_R unused
GPIO_PORTQ_DATA_R 400663FC

Symbol: GPIO_PORTQ_DATA_R
   Definitions
      At line 108 in file gpio.s
   Uses
      At line 483 in file gpio.s
Comment: GPIO_PORTQ_DATA_R used once
GPIO_PORTQ_DEN_R 4006651C

Symbol: GPIO_PORTQ_DEN_R
   Definitions
      At line 106 in file gpio.s
   Uses
      At line 308 in file gpio.s
Comment: GPIO_PORTQ_DEN_R used once
GPIO_PORTQ_DIR_R 40066400

Symbol: GPIO_PORTQ_DIR_R
   Definitions
      At line 104 in file gpio.s
   Uses
      At line 247 in file gpio.s
Comment: GPIO_PORTQ_DIR_R used once
GPIO_PORTQ_LOCK_R 40066520

Symbol: GPIO_PORTQ_LOCK_R
   Definitions
      At line 100 in file gpio.s
   Uses
      None
Comment: GPIO_PORTQ_LOCK_R unused



ARM Macro Assembler    Page 12 Alphabetic symbol ordering
Absolute symbols

GPIO_PORTQ_PCTL_R 4006652C

Symbol: GPIO_PORTQ_PCTL_R
   Definitions
      At line 103 in file gpio.s
   Uses
      At line 218 in file gpio.s
Comment: GPIO_PORTQ_PCTL_R used once
GPIO_PORTQ_PUR_R 40066510

Symbol: GPIO_PORTQ_PUR_R
   Definitions
      At line 107 in file gpio.s
   Uses
      None
Comment: GPIO_PORTQ_PUR_R unused
LOCKED 00000006

Symbol: LOCKED
   Definitions
      At line 12 in file gpio.s
   Uses
      None
Comment: LOCKED unused
LOCKED_MASTER 00000007

Symbol: LOCKED_MASTER
   Definitions
      At line 13 in file gpio.s
   Uses
      None
Comment: LOCKED_MASTER unused
NVIC_EN1_R E000E104

Symbol: NVIC_EN1_R
   Definitions
      At line 121 in file gpio.s
   Uses
      At line 347 in file gpio.s
Comment: NVIC_EN1_R used once
NVIC_PRI12_R E000E430

Symbol: NVIC_PRI12_R
   Definitions
      At line 120 in file gpio.s
   Uses
      At line 352 in file gpio.s
Comment: NVIC_PRI12_R used once
SET_PASSWORD 00000001

Symbol: SET_PASSWORD
   Definitions
      At line 11 in file gpio.s
   Uses
      None
Comment: SET_PASSWORD unused
SYSCTL_PRGPIO_R 400FEA08

Symbol: SYSCTL_PRGPIO_R



ARM Macro Assembler    Page 13 Alphabetic symbol ordering
Absolute symbols

   Definitions
      At line 19 in file gpio.s
   Uses
      At line 163 in file gpio.s
Comment: SYSCTL_PRGPIO_R used once
SYSCTL_RCGCGPIO_R 400FE608

Symbol: SYSCTL_RCGCGPIO_R
   Definitions
      At line 18 in file gpio.s
   Uses
      At line 153 in file gpio.s
Comment: SYSCTL_RCGCGPIO_R used once
89 symbols



ARM Macro Assembler    Page 1 Alphabetic symbol ordering
External symbols

EnableInterrupts 00000000

Symbol: EnableInterrupts
   Definitions
      At line 142 in file gpio.s
   Uses
      At line 358 in file gpio.s
Comment: EnableInterrupts used once
zerar_memoria 00000000

Symbol: zerar_memoria
   Definitions
      At line 141 in file gpio.s
   Uses
      At line 412 in file gpio.s
Comment: zerar_memoria used once
2 symbols
439 symbols in table
