Component: ARM Compiler 5.06 update 7 (build 960) Tool: armlink [4d3601]

==============================================================================

Section Cross References

    gpio.o(.text) refers to startup.o(.text) for EnableInterrupts
    gpio.o(.text) refers to main.o(.text) for zerar_memoria
    main.o(.text) refers to utils.o(.text) for PLL_Init
    main.o(.text) refers to gpio.o(.text) for GPIO_Init
    main.o(.text) refers to lcd.o(.text) for LCD_Init
    main.o(.text) refers to matrix_keyboard.o(.text) for MapMatrixKeyboard
    main.o(.text) refers to main.o(DATA) for PASSWORDS
    startup.o(RESET) refers to startup.o(STACK) for StackMem
    startup.o(RESET) refers to gpio.o(.text) for GPIOPortJ_Handler
    startup.o(RESET) refers to main.o(.text) for Start
    lcd.o(.text) refers to gpio.o(.text) for PortM_Output
    lcd.o(.text) refers to utils.o(.text) for SysTick_Wait1ms
    matrix_keyboard.o(.text) refers to gpio.o(.text) for PortM_Output
    matrix_keyboard.o(.text) refers to lcd.o(.text) for LCD_PrintString
    matrix_keyboard.o(.text) refers to utils.o(.text) for SysTick_Wait1ms


==============================================================================

Removing Unused input sections from the image.

    Removing startup.o(HEAP), (0 bytes).
    Removing lcd.o(DATA), (0 bytes).
    Removing matrix_keyboard.o(DATA), (0 bytes).

3 unused section(s) (total 0 bytes) removed from the image.

==============================================================================

Image Symbol Table

    Local Symbols

    Symbol Name                              Value     Ov Type        Size  Object(Section)

    RESET                                    0x00000000   Section      544  startup.o(RESET)
    gpio.s                                   0x00000000   Number         0  gpio.o ABSOLUTE
    lcd.s                                    0x00000000   Number         0  lcd.o ABSOLUTE
    main.s                                   0x00000000   Number         0  main.o ABSOLUTE
    matrix_keyboard.s                        0x00000000   Number         0  matrix_keyboard.o ABSOLUTE
    startup.s                                0x00000000   Number         0  startup.o ABSOLUTE
    utils.s                                  0x00000000   Number         0  utils.o ABSOLUTE
    $v0                                      0x00000208   Number         0  startup.o(RESET)
    .text                                    0x00000220   Section      768  gpio.o(.text)
    $v0                                      0x00000220   Number         0  gpio.o(.text)
    .text                                    0x00000520   Section      944  main.o(.text)
    $v0                                      0x00000520   Number         0  main.o(.text)
    OPENING_STR                              0x000007e0   Data          17  main.o(.text)
    CLOSING_STR                              0x000007f3   Data          17  main.o(.text)
    CLOSED_STR                               0x00000804   Data          17  main.o(.text)
    LOCKED_MASTER_STR                        0x00000815   Data          17  main.o(.text)
    HASH_CONFIRM_STR                         0x00000826   Data          17  main.o(.text)
    ENTER_PASSWORD_STR                       0x00000848   Data          16  main.o(.text)
    ENTER_MASTER_PASSWORD_STR                0x00000858   Data          17  main.o(.text)
    CHANGED_MASTER_PASSWORD_STR              0x00000869   Data          17  main.o(.text)
    EMPTY_STR                                0x0000087a   Data          17  main.o(.text)
    WRONG_PASSWORD_STR                       0x0000088b   Data          17  main.o(.text)
    .text                                    0x000008d0   Section       28  startup.o(.text)
    $v0                                      0x000008d0   Number         0  startup.o(.text)
    .text                                    0x000008ec   Section      484  utils.o(.text)
    $v0                                      0x000008ec   Number         0  utils.o(.text)
    .text                                    0x00000ad0   Section      464  lcd.o(.text)
    $v0                                      0x00000ad0   Number         0  lcd.o(.text)
    DIGIT_0_STR                              0x00000c44   Data           2  lcd.o(.text)
    DIGIT_1_STR                              0x00000c46   Data           2  lcd.o(.text)
    DIGIT_2_STR                              0x00000c48   Data           2  lcd.o(.text)
    DIGIT_3_STR                              0x00000c4a   Data           2  lcd.o(.text)
    DIGIT_4_STR                              0x00000c4c   Data           2  lcd.o(.text)
    DIGIT_5_STR                              0x00000c4e   Data           2  lcd.o(.text)
    DIGIT_6_STR                              0x00000c50   Data           2  lcd.o(.text)
    DIGIT_7_STR                              0x00000c52   Data           2  lcd.o(.text)
    DIGIT_8_STR                              0x00000c54   Data           2  lcd.o(.text)
    DIGIT_9_STR                              0x00000c56   Data           2  lcd.o(.text)
    TABUADA                                  0x00000c58   Data          12  lcd.o(.text)
    X                                        0x00000c64   Data           2  lcd.o(.text)
    EQUAL                                    0x00000c66   Data           2  lcd.o(.text)
    .text                                    0x00000ca0   Section      524  matrix_keyboard.o(.text)
    $v0                                      0x00000ca0   Number         0  matrix_keyboard.o(.text)
    DIGIT_0_STR                              0x00000e64   Data           2  matrix_keyboard.o(.text)
    DIGIT_1_STR                              0x00000e66   Data           2  matrix_keyboard.o(.text)
    DIGIT_2_STR                              0x00000e68   Data           2  matrix_keyboard.o(.text)
    DIGIT_3_STR                              0x00000e6a   Data           2  matrix_keyboard.o(.text)
    DIGIT_4_STR                              0x00000e6c   Data           2  matrix_keyboard.o(.text)
    DIGIT_5_STR                              0x00000e6e   Data           2  matrix_keyboard.o(.text)
    DIGIT_6_STR                              0x00000e70   Data           2  matrix_keyboard.o(.text)
    DIGIT_7_STR                              0x00000e72   Data           2  matrix_keyboard.o(.text)
    DIGIT_8_STR                              0x00000e74   Data           2  matrix_keyboard.o(.text)
    DIGIT_9_STR                              0x00000e76   Data           2  matrix_keyboard.o(.text)
    DIGIT_AST_STR                            0x00000e78   Data           2  matrix_keyboard.o(.text)
    DATA                                     0x20000000   Section        8  main.o(DATA)
    PASSWORDS                                0x20000000   Data           8  main.o(DATA)
    STACK                                    0x20000008   Section     1024  startup.o(STACK)
    StackMem                                 0x20000008   Data           0  startup.o(STACK)

    Global Symbols

    Symbol Name                              Value     Ov Type        Size  Object(Section)

    BuildAttributes$$THM_ISAv4$E$P$D$K$B$S$7EM$VFPi3$EXTD16$VFPS$VFMA$PE$A:L22UL41UL21$X:L11$S22US41US21$IEEE1$IW$USESV6$~STKCKD$USESV7$~SHL$OSPACE$EBA8$STANDARDLIB$EABIv2 0x00000000   Number         0  anon$$obj.o ABSOLUTE
    __Vectors                                0x00000000   Data           0  startup.o(RESET)
    Reset_Handler                            0x00000209   Thumb Code     0  startup.o(RESET)
    NMI_Handler                              0x0000020d   Thumb Code     2  startup.o(RESET)
    HardFault_Handler                        0x0000020f   Thumb Code     2  startup.o(RESET)
    MemManage_Handler                        0x00000211   Thumb Code     2  startup.o(RESET)
    BusFault_Handler                         0x00000213   Thumb Code     2  startup.o(RESET)
    UsageFault_Handler                       0x00000215   Thumb Code     2  startup.o(RESET)
    SVC_Handler                              0x00000217   Thumb Code     2  startup.o(RESET)
    DebugMon_Handler                         0x00000219   Thumb Code     2  startup.o(RESET)
    PendSV_Handler                           0x0000021b   Thumb Code     2  startup.o(RESET)
    SysTick_Handler                          0x0000021d   Thumb Code     2  startup.o(RESET)
    ADC0Seq0_Handler                         0x0000021f   Thumb Code     0  startup.o(RESET)
    ADC0Seq1_Handler                         0x0000021f   Thumb Code     0  startup.o(RESET)
    ADC0Seq2_Handler                         0x0000021f   Thumb Code     0  startup.o(RESET)
    ADC0Seq3_Handler                         0x0000021f   Thumb Code     0  startup.o(RESET)
    ADC1Seq0_Handler                         0x0000021f   Thumb Code     0  startup.o(RESET)
    ADC1Seq1_Handler                         0x0000021f   Thumb Code     0  startup.o(RESET)
    ADC1Seq2_Handler                         0x0000021f   Thumb Code     0  startup.o(RESET)
    ADC1Seq3_Handler                         0x0000021f   Thumb Code     0  startup.o(RESET)
    CAN0_Handler                             0x0000021f   Thumb Code     0  startup.o(RESET)
    CAN1_Handler                             0x0000021f   Thumb Code     0  startup.o(RESET)
    Comp0_Handler                            0x0000021f   Thumb Code     0  startup.o(RESET)
    Comp1_Handler                            0x0000021f   Thumb Code     0  startup.o(RESET)
    Comp2_Handler                            0x0000021f   Thumb Code     0  startup.o(RESET)
    Ethernet_Handler                         0x0000021f   Thumb Code     0  startup.o(RESET)
    ExtBus_Handler                           0x0000021f   Thumb Code     0  startup.o(RESET)
    FPU_Handler                              0x0000021f   Thumb Code     0  startup.o(RESET)
    FlashCtl_Handler                         0x0000021f   Thumb Code     0  startup.o(RESET)
    GPIOPortA_Handler                        0x0000021f   Thumb Code     0  startup.o(RESET)
    GPIOPortB_Handler                        0x0000021f   Thumb Code     0  startup.o(RESET)
    GPIOPortC_Handler                        0x0000021f   Thumb Code     0  startup.o(RESET)
    GPIOPortD_Handler                        0x0000021f   Thumb Code     0  startup.o(RESET)
    GPIOPortE_Handler                        0x0000021f   Thumb Code     0  startup.o(RESET)
    GPIOPortF_Handler                        0x0000021f   Thumb Code     0  startup.o(RESET)
    GPIOPortG_Handler                        0x0000021f   Thumb Code     0  startup.o(RESET)
    GPIOPortH_Handler                        0x0000021f   Thumb Code     0  startup.o(RESET)
    GPIOPortK_Handler                        0x0000021f   Thumb Code     0  startup.o(RESET)
    GPIOPortL_Handler                        0x0000021f   Thumb Code     0  startup.o(RESET)
    GPIOPortM_Handler                        0x0000021f   Thumb Code     0  startup.o(RESET)
    GPIOPortN_Handler                        0x0000021f   Thumb Code     0  startup.o(RESET)
    GPIOPortP1_Handler                       0x0000021f   Thumb Code     0  startup.o(RESET)
    GPIOPortP2_Handler                       0x0000021f   Thumb Code     0  startup.o(RESET)
    GPIOPortP3_Handler                       0x0000021f   Thumb Code     0  startup.o(RESET)
    GPIOPortP4_Handler                       0x0000021f   Thumb Code     0  startup.o(RESET)
    GPIOPortP5_Handler                       0x0000021f   Thumb Code     0  startup.o(RESET)
    GPIOPortP6_Handler                       0x0000021f   Thumb Code     0  startup.o(RESET)
    GPIOPortP7_Handler                       0x0000021f   Thumb Code     0  startup.o(RESET)
    GPIOPortP_Handler                        0x0000021f   Thumb Code     0  startup.o(RESET)
    GPIOPortQ1_Handler                       0x0000021f   Thumb Code     0  startup.o(RESET)
    GPIOPortQ2_Handler                       0x0000021f   Thumb Code     0  startup.o(RESET)
    GPIOPortQ3_Handler                       0x0000021f   Thumb Code     0  startup.o(RESET)
    GPIOPortQ4_Handler                       0x0000021f   Thumb Code     0  startup.o(RESET)
    GPIOPortQ5_Handler                       0x0000021f   Thumb Code     0  startup.o(RESET)
    GPIOPortQ6_Handler                       0x0000021f   Thumb Code     0  startup.o(RESET)
    GPIOPortQ7_Handler                       0x0000021f   Thumb Code     0  startup.o(RESET)
    GPIOPortQ_Handler                        0x0000021f   Thumb Code     0  startup.o(RESET)
    Hibernate_Handler                        0x0000021f   Thumb Code     0  startup.o(RESET)
    I2C0_Handler                             0x0000021f   Thumb Code     0  startup.o(RESET)
    I2C1_Handler                             0x0000021f   Thumb Code     0  startup.o(RESET)
    I2C2_Handler                             0x0000021f   Thumb Code     0  startup.o(RESET)
    I2C3_Handler                             0x0000021f   Thumb Code     0  startup.o(RESET)
    I2C4_Handler                             0x0000021f   Thumb Code     0  startup.o(RESET)
    I2C5_Handler                             0x0000021f   Thumb Code     0  startup.o(RESET)
    I2C6_Handler                             0x0000021f   Thumb Code     0  startup.o(RESET)
    I2C7_Handler                             0x0000021f   Thumb Code     0  startup.o(RESET)
    I2C8_Handler                             0x0000021f   Thumb Code     0  startup.o(RESET)
    I2C9_Handler                             0x0000021f   Thumb Code     0  startup.o(RESET)
    PWM0Fault_Handler                        0x0000021f   Thumb Code     0  startup.o(RESET)
    PWM0Generator0_Handler                   0x0000021f   Thumb Code     0  startup.o(RESET)
    PWM0Generator1_Handler                   0x0000021f   Thumb Code     0  startup.o(RESET)
    PWM0Generator2_Handler                   0x0000021f   Thumb Code     0  startup.o(RESET)
    PWM0Generator3_Handler                   0x0000021f   Thumb Code     0  startup.o(RESET)
    Quadrature0_Handler                      0x0000021f   Thumb Code     0  startup.o(RESET)
    SSI0_Handler                             0x0000021f   Thumb Code     0  startup.o(RESET)
    SSI1_Handler                             0x0000021f   Thumb Code     0  startup.o(RESET)
    SSI2_Handler                             0x0000021f   Thumb Code     0  startup.o(RESET)
    SSI3_Handler                             0x0000021f   Thumb Code     0  startup.o(RESET)
    SysCtl_Handler                           0x0000021f   Thumb Code     0  startup.o(RESET)
    Tamper_Handler                           0x0000021f   Thumb Code     0  startup.o(RESET)
    Timer0A_Handler                          0x0000021f   Thumb Code     0  startup.o(RESET)
    Timer0B_Handler                          0x0000021f   Thumb Code     0  startup.o(RESET)
    Timer1A_Handler                          0x0000021f   Thumb Code     0  startup.o(RESET)
    Timer1B_Handler                          0x0000021f   Thumb Code     0  startup.o(RESET)
    Timer2A_Handler                          0x0000021f   Thumb Code     0  startup.o(RESET)
    Timer2B_Handler                          0x0000021f   Thumb Code     0  startup.o(RESET)
    Timer3A_Handler                          0x0000021f   Thumb Code     0  startup.o(RESET)
    Timer3B_Handler                          0x0000021f   Thumb Code     0  startup.o(RESET)
    Timer4A_Handler                          0x0000021f   Thumb Code     0  startup.o(RESET)
    Timer4B_Handler                          0x0000021f   Thumb Code     0  startup.o(RESET)
    Timer5A_Handler                          0x0000021f   Thumb Code     0  startup.o(RESET)
    Timer5B_Handler                          0x0000021f   Thumb Code     0  startup.o(RESET)
    Timer6A_Handler                          0x0000021f   Thumb Code     0  startup.o(RESET)
    Timer6B_Handler                          0x0000021f   Thumb Code     0  startup.o(RESET)
    Timer7A_Handler                          0x0000021f   Thumb Code     0  startup.o(RESET)
    Timer7B_Handler                          0x0000021f   Thumb Code     0  startup.o(RESET)
    UART0_Handler                            0x0000021f   Thumb Code     0  startup.o(RESET)
    UART1_Handler                            0x0000021f   Thumb Code     0  startup.o(RESET)
    UART2_Handler                            0x0000021f   Thumb Code     0  startup.o(RESET)
    UART3_Handler                            0x0000021f   Thumb Code     0  startup.o(RESET)
    UART4_Handler                            0x0000021f   Thumb Code     0  startup.o(RESET)
    UART5_Handler                            0x0000021f   Thumb Code     0  startup.o(RESET)
    UART6_Handler                            0x0000021f   Thumb Code     0  startup.o(RESET)
    UART7_Handler                            0x0000021f   Thumb Code     0  startup.o(RESET)
    USB0_Handler                             0x0000021f   Thumb Code     0  startup.o(RESET)
    WDT_Handler                              0x0000021f   Thumb Code     0  startup.o(RESET)
    uDMA_Error                               0x0000021f   Thumb Code     0  startup.o(RESET)
    uDMA_Handler                             0x0000021f   Thumb Code     0  startup.o(RESET)
    GPIO_Init                                0x00000221   Thumb Code     0  gpio.o(.text)
    PortA_Output                             0x000003a7   Thumb Code     0  gpio.o(.text)
    PortJ_Input                              0x000003bb   Thumb Code     0  gpio.o(.text)
    GPIOPortJ_Handler                        0x000003c5   Thumb Code     0  gpio.o(.text)
    PortK_Output                             0x000003ed   Thumb Code     0  gpio.o(.text)
    PortL_Input                              0x00000401   Thumb Code     0  gpio.o(.text)
    PortM_Output                             0x0000040b   Thumb Code     0  gpio.o(.text)
    PortP_Output                             0x0000041f   Thumb Code     0  gpio.o(.text)
    PortQ_Output                             0x00000433   Thumb Code     0  gpio.o(.text)
    Start                                    0x00000521   Thumb Code     0  main.o(.text)
    MainLoop                                 0x00000583   Thumb Code     0  main.o(.text)
    GetMasterPassword                        0x00000779   Thumb Code     0  main.o(.text)
    zerar_memoria                            0x000007cd   Thumb Code     0  main.o(.text)
    DisableInterrupts                        0x000008d1   Thumb Code     0  startup.o(.text)
    EnableInterrupts                         0x000008d5   Thumb Code     0  startup.o(.text)
    StartCritical                            0x000008d9   Thumb Code     0  startup.o(.text)
    EndCritical                              0x000008e1   Thumb Code     0  startup.o(.text)
    WaitForInterrupt                         0x000008e7   Thumb Code     0  startup.o(.text)
    PLL_Init                                 0x000008ed   Thumb Code     0  utils.o(.text)
    SysTick_Init                             0x00000a15   Thumb Code     0  utils.o(.text)
    SysTick_Wait1ms                          0x00000a4f   Thumb Code     0  utils.o(.text)
    LCD_Init                                 0x00000ad1   Thumb Code     0  lcd.o(.text)
    LCD_Line2                                0x00000b45   Thumb Code     0  lcd.o(.text)
    LCD_PrintString                          0x00000b5d   Thumb Code     0  lcd.o(.text)
    LCD_Reset                                0x00000b7b   Thumb Code     0  lcd.o(.text)
    print_tabuada                            0x00000b93   Thumb Code     0  lcd.o(.text)
    print_numero                             0x00000bc9   Thumb Code     0  lcd.o(.text)
    MapMatrixKeyboard                        0x00000ca1   Thumb Code     0  matrix_keyboard.o(.text)
    update_tabuada                           0x00000e43   Thumb Code     0  matrix_keyboard.o(.text)



==============================================================================

Memory Map of the image

  Image Entry point : 0x00000209

  Load Region LR_1 (Base: 0x00000000, Size: 0x00000eb4, Max: 0xffffffff, ABSOLUTE)

    Execution Region ER_RO (Exec base: 0x00000000, Load base: 0x00000000, Size: 0x00000eac, Max: 0xffffffff, ABSOLUTE)

    Exec Addr    Load Addr    Size         Type   Attr      Idx    E Section Name        Object

    0x00000000   0x00000000   0x00000220   Code   RO           12  * RESET               startup.o
    0x00000220   0x00000220   0x00000300   Code   RO            1    .text               gpio.o
    0x00000520   0x00000520   0x000003b0   Code   RO            7    .text               main.o
    0x000008d0   0x000008d0   0x0000001c   Code   RO           13    .text               startup.o
    0x000008ec   0x000008ec   0x000001e4   Code   RO           19    .text               utils.o
    0x00000ad0   0x00000ad0   0x000001d0   Code   RO           23    .text               lcd.o
    0x00000ca0   0x00000ca0   0x0000020c   Code   RO           27    .text               matrix_keyboard.o


    Execution Region ER_RW (Exec base: 0x20000000, Load base: 0x00000eac, Size: 0x00000008, Max: 0xffffffff, ABSOLUTE)

    Exec Addr    Load Addr    Size         Type   Attr      Idx    E Section Name        Object

    0x20000000   0x00000eac   0x00000008   Data   RW            6    DATA                main.o


    Execution Region ER_ZI (Exec base: 0x20000008, Load base: 0x00000eb4, Size: 0x00000400, Max: 0xffffffff, ABSOLUTE)

    Exec Addr    Load Addr    Size         Type   Attr      Idx    E Section Name        Object

    0x20000008        -       0x00000400   Zero   RW           10    STACK               startup.o


==============================================================================

Image component sizes


      Code (inc. data)   RO Data    RW Data    ZI Data      Debug   Object Name

       768        218          0          0          0        456   gpio.o
       464         92          0          0          0        324   lcd.o
       944        240          0          8          0        424   main.o
       524         72          0          0          0        372   matrix_keyboard.o
       572        522          0          0       1024        956   startup.o
       484         92          0          0          0        360   utils.o

    ----------------------------------------------------------------------
      3756       1236          0          8       1024       2892   Object Totals
         0          0          0          0          0          0   (incl. Generated)
         0          0          0          0          0          0   (incl. Padding)

    ----------------------------------------------------------------------
         0          0          0          0          0          0   Library Totals
         0          0          0          0          0          0   (incl. Padding)

    ----------------------------------------------------------------------

==============================================================================


      Code (inc. data)   RO Data    RW Data    ZI Data      Debug   

      3756       1236          0          8       1024       2892   Grand Totals
      3756       1236          0          8       1024       2892   ELF Image Totals
      3756       1236          0          8          0          0   ROM Totals

==============================================================================

    Total RO  Size (Code + RO Data)                 3756 (   3.67kB)
    Total RW  Size (RW Data + ZI Data)              1032 (   1.01kB)
    Total ROM Size (Code + RO Data + RW Data)       3764 (   3.68kB)

==============================================================================

